
> seoul-client@0.1.0 build
> next build

▲ Next.js 16.1.6 (Turbopack)
- Environments: .env.local

  Creating an optimized production build ...
✓ Compiled successfully in 2.1s
  Running TypeScript ...
  Collecting page data using 9 workers ...
  Generating static pages using 9 workers (0/20) ...
  Generating static pages using 9 workers (5/20) 
  Generating static pages using 9 workers (10/20) 
  Generating static pages using 9 workers (15/20) 
✓ Generating static pages using 9 workers (20/20) in 145.8ms
  Finalizing page optimization ...

Route (app)
┌ ○ /
├ ○ /_not-found
├ ○ /about
├ ○ /bestsellers
├ ƒ /bestsellers/[id]
├ ƒ /collections
├ ○ /contact
├ ○ /dashboard
├ ○ /dashboard/customers
├ ○ /dashboard/orders
├ ○ /dashboard/products
├ ○ /dashboard/settings
├ ○ /login
├ ○ /my-profile
├ ○ /newarrive
├ ○ /orders
├ ○ /process-pay
├ ○ /register
└ ○ /settings


○  (Static)   prerendered as static content
ƒ  (Dynamic)  server-rendered on demand

